
> heiguang-shudong-backend@0.1.0 pretest
> npm run sync


> heiguang-shudong-backend@0.1.0 sync
> node scripts/sync-shared.mjs

synced shared/ -> cloudfunctions/api/shared/
synced shared/ -> cloudfunctions/review-callback/shared/
synced shared/ -> cloudfunctions/worker/shared/

完成：3 个云函数，共复制 48 个文件
提醒：cloudfunctions/*/shared/ 已在 .gitignore 中忽略，请勿手动编辑副本。

> heiguang-shudong-backend@0.1.0 test
> node --test tests/*.test.mjs

✔ new invite secret is generated by the API, hashed before RPC, and returned only once (2.533014ms)
✔ invite list is an allowlisted DTO without code, hash, openid, or anonymous mapping (0.992804ms)
✔ member pagination forwards filters and returns only the roster DTO (0.347913ms)
✔ empty member and invite status filters normalize to SQL all status (0.818797ms)
✔ invite revoke translates the Web inviteId field to the SQL id field (0.461477ms)
✔ handover retention accepts all paged invite ids and rejects lists above the request bound (1.569666ms)
✔ team primary accepts the Web target and forwards both SQL versions (0.367049ms)
✔ settings description matches SQL length and recovery status admits stale rows (0.427302ms)
✔ audit DTO excludes arbitrary extra fields, invite hashes, and anonymous mappings (0.536077ms)
✔ target recovery inbox only returns the target-safe team and recovery fields (0.679976ms)
✔ overview counts only membership and governance work, never content or private content (0.408116ms)
✔ recovery acceptance uses the requested club only as database scope and takes actor from session (0.328136ms)
✔ platform recovery actions require and forward the selected club scope (0.417133ms)
✔ management write reasons shorter than SQL minimum fail before RPC (0.197621ms)
✔ database recovery and term transition errors map to client-visible business responses (0.749827ms)
✔ admin target mapping uses the queue for both moderation and appeals (1.828492ms)
✔ revoked admin sees neither old admin messages nor their unread count (0.974209ms)
✔ both currently active administrator roles retain all system messages and count (0.382478ms)
✔ 统一审核游标保留跨队列同时间同 ID 的后一项 (16.776809ms)
✔ 内容队列跳过排队中和过期版本，只呈现人工任务的当前公开内容 (1.189683ms)
✔ 成员申请审核卡片不泄露一次性邀请码或其哈希 (0.482856ms)
✔ 统一队列越过不可见文集任务继续填充后续可见待办 (0.888298ms)
✔ 不接受伪造的全队列 cursor 分类 (1.164897ms)
✔ browser security helpers bind canonical Origin, cookie CSRF, and secure production flags (1.5929ms)
✔ pairing creation returns a QR payload and keeps its poll key outside the QR text (81.814773ms)
✔ cookie-authenticated admin actions reject a browser origin different from the QR-approved origin (9.419029ms)
✔ cookie-authenticated admin actions reject missing CSRF tokens even on the approved origin (6.240142ms)
✔ same-origin action with the matching CSRF token reaches the router with server-derived identity (5.506025ms)
✔ browser admin action endpoint rejects actions outside the management whitelist (4.018973ms)
[api] ok {
  action: 'boards/create',
  requestId: 'local-1',
  role: 'member',
  ms: 3
}
[api] conflict {
  action: 'boards/create',
  requestId: 'local-2',
  role: 'member',
  detail: null
}
[api] ok { action: 'boards/create', requestId: 'local-1', role: 'admin', ms: 0 }
[api] ok {
  action: 'boards/create',
  requestId: 'local-3',
  role: 'member',
  ms: 1
}
[api] ok { action: 'boards/list', requestId: 'local-1', role: 'member', ms: 1 }
[api] ok { action: 'boards/list', requestId: 'local-2', role: 'member', ms: 1 }
[api] ok { action: 'boards/list', requestId: 'local-3', role: 'member', ms: 1 }
[api] invalid_input {
  action: 'boards/list',
  requestId: 'local-4',
  role: 'member',
  detail: { field: 'status' }
}
[api] not_accessible {
  action: 'posts/list',
  requestId: 'local-5',
  role: 'member',
  detail: { boardId: 'board-hidden-pending' }
}
[api] ok {
  action: 'boards/detail',
  requestId: 'local-6',
  role: 'member',
  ms: 2
}
[api] ok { action: 'posts/list', requestId: 'local-7', role: 'member', ms: 1 }
[api] forbidden {
  action: 'admin/queue',
  requestId: 'local-1',
  role: 'member',
  detail: { reason: 'not moderator' }
}
[api] ok { action: 'admin/queue', requestId: 'local-1', role: 'admin', ms: 1 }
[api] ok {
  action: 'admin/board/decide',
  requestId: 'local-2',
  role: 'admin',
  ms: 0
}
[api] ok {
  action: 'boards/detail',
  requestId: 'local-1',
  role: 'member',
  ms: 0
}
[api] ok { action: 'posts/create', requestId: 'local-1', role: 'member', ms: 1 }
[api] ok {
  action: 'posts/visibility',
  requestId: 'local-2',
  role: 'member',
  ms: 1
}
[api] invalid_input {
  action: 'posts/create',
  requestId: 'local-3',
  role: 'member',
  detail: { field: 'boardId' }
}
[api] ok {
  action: 'posts/resubmit',
  requestId: 'local-4',
  role: 'member',
  ms: 1
}
✔ board create derives owner and status on the server and hides another member pending ID (36.768222ms)
✔ boards list and detail enforce board visibility, and boardId filtering happens before pagination (11.711262ms)
✔ board moderation uses its own queue and atomically records versioned decisions (7.558237ms)
✔ posts can retain boardId and topicId together; private association is rejected and resubmit preserves both (7.387065ms)
✔ listComments returns reaction/viewer flags and only the authors own pending comments (6.961326ms)
✔ F3 duplicate and concurrent toggles use one atomic RPC and keep counts consistent (2.569232ms)
✔ guests, pending comments and nonexistent comments cannot react (1.948166ms)
✔ author deletion recycles reactions/counts and keeps an authorless tombstone with replies (2.217622ms)
✔ non-authors/version conflicts cannot delete; deleting pending does not decrement count (1.697727ms)
✔ F2 comment reactions cannot mark posts or crowd out another posts real reaction (3.571714ms)
✔ F5 more than 100 deleted rows cannot block live comments or consume their cursor pages (18.882101ms)
✔ F5 a reply on a later page brings its deleted parent without exposing its body or identity (1.420997ms)
✔ F1 createComment returns the current reviewed DTO/version, not the initial pending version (2.788574ms)
✔ F3 database failures surface and never fall back to partially applied writes (1.180667ms)
✔ F3 member-state lock conflict on reaction is returned as retryable conflict (1.70474ms)
OK: foreground review VM auth, owner, version, lease, failure, and terminal paths passed
✔ tests/foreground-review.test.mjs (71.25347ms)
✔ 成员治理把可信 actorId 放在 RPC 参数，不接受调用者 userId (1.572732ms)
✔ 成员治理拒绝非 moderator 和自操作 (0.74058ms)
✔ 禁言只接受未来时间，null 表示显式解除 (0.759065ms)
✔ 申诉读取帖子后只允许作者对 hidden 内容发起，并绑定版本 (0.369884ms)
✔ 申诉决定必须是 moderator/admin 且必须有理由 (0.582594ms)
✔ 申诉列表只返回授权 DTO，不携带私密正文或 owner 身份 (1.224639ms)
✔ 申诉列表拒绝未授权的访客和普通成员 (0.4264ms)
✔ 成员名册只返回必要 DTO，moderator 才能读取 (0.560933ms)
✔ 邀请码由服务端生成并限制 maxUses/TTL，admin 不能创建 (1.817892ms)
✔ JPEG with EXIF is decoded and re-encoded without metadata (52.181613ms)
✔ PNG input is validated and stored as a clean JPEG (28.54109ms)
✔ magic bytes and declared MIME must agree (19.058091ms)
✔ pixel dimensions are rejected before decoder allocation (0.39906ms)
✔ decoded input and cleaned output stay within the 2 MiB limit (25.06671ms)
✔ large images are reduced within the published moderation envelope (293.252442ms)
[api] ok {
  action: 'posts/comments/list',
  requestId: 'local-1',
  role: 'member',
  ms: 3
}
[api] ok {
  action: 'posts/comments/list',
  requestId: 'local-1',
  role: 'member',
  ms: 4
}
[api] ok {
  action: 'posts/comments/reaction',
  requestId: 'local-2',
  role: 'member',
  ms: 1
}
[api] conflict {
  action: 'posts/comments/delete',
  requestId: 'local-3',
  role: 'member',
  detail: { field: 'expectedVersion' }
}
[api] forbidden {
  action: 'posts/comments/delete',
  requestId: 'local-2',
  role: 'member',
  detail: { reason: 'not comment author' }
}
[api] ok {
  action: 'posts/comments/delete',
  requestId: 'local-4',
  role: 'member',
  ms: 1
}
[api] ok {
  action: 'posts/comments/list',
  requestId: 'local-3',
  role: 'member',
  ms: 1
}
[api] ok {
  action: 'posts/comments/create',
  requestId: 'local-4',
  role: 'member',
  ms: 3
}
[api] ok {
  action: 'posts/comments/delete',
  requestId: 'local-5',
  role: 'member',
  ms: 0
}
[api] ok {
  action: 'posts/comments/list',
  requestId: 'local-5',
  role: 'member',
  ms: 1
}
✔ wx.cloud.callFunction bridge exercises the real API router and comment handlers (42.858223ms)
✔ CLI exporter produces a private snapshot accepted by verify-only (3304.945169ms)
✔ CLI exporter leaves an incomplete manifest on db-failure (124.141151ms)
✔ CLI exporter leaves an incomplete manifest on page-mismatch (233.962045ms)
✔ CLI exporter leaves an incomplete manifest on cursor-invalid (2946.368394ms)
✔ CLI exporter leaves an incomplete manifest on download-failure (2690.691121ms)
✔ CLI exporter refuses to start without the writes-quiesced gate (42.194878ms)
✔ local media storage keeps legacy pgstore IDs, stores private bytes, and issues opaque revocable links (23.795904ms)
✔ Bearer parsing accepts only the opaque 32-byte token shape (0.563117ms)
✔ NAS migration inventory matches the current CloudBase source schema (23.040416ms)
✔ snapshot import refuses table drift and any target business rows (0.573606ms)
✔ NAS LAN profile creates HTTP media links only for the fixed LAN host and port (1.503993ms)
✔ NAS review callback remains disabled without a verified source path (90.178502ms)
✔ assets/upload sanitizes an image and writes it through the local private adapter (63.558717ms)
✔ 默认未启用时走原 handler，环境变量和标记文件可独立启用门闩 (2.240796ms)
✔ 三个入口暂停时在路由、timer 初始化、回调认证和业务写入之前返回 (0.722586ms)
✔ 普通 requestId 不从 event 或 headers 取值，无法用 event 内容污染停写日志 (0.400091ms)
✔ a still-valid signed URL stops serving media when its owner is removed (2.295659ms)
✔ upload storage failure records reservedFileId before upload and leaves no fake success (9.069283ms)
✔ orphan cleanup sends fileId, cleanedFileId and reservedFileId and keeps retry state on delete failure (5.043627ms)
✔ purge clears every stored object id after successful delete (1.520985ms)
✔ signReadableAssets re-signs only currently readable post assets and never signs private admin access (1.553586ms)
✔ removed owner can read historical post text but cannot obtain an attachment URL (1.258622ms)
✔ media verification update is guarded by the observed status and fileId (1.980918ms)
✔ 入社申请先散列一次性邀请码，只把哈希和 session actor 交给新 RPC (3.396184ms)
✔ 已完成邀请码入社的重试由 RPC 幂等返回，不在 API 提前拒绝 (0.299823ms)
✔ 旧成员的 ALREADY_MEMBER 与被撤权用户的 FORBIDDEN 保持业务错误 (0.907233ms)
✔ 邀请码和规则版本错误保持业务错误形态 (0.345239ms)
✔ RPC返回的业务错误对象不会作为成功申请透传 (0.385153ms)
✔ pending application returns only cancellation identifiers, version and reservation expiry (0.916711ms)
✔ pending application uses a positive integer version and falls back to version one for legacy values (0.315381ms)
✔ 内容决定走 hg_moderate，入社决定走保留额度专用 RPC (2.633313ms)
✔ 入社/举报/话题/文集决定缺少 expectedVersion 会在 RPC 前拒绝 (0.925938ms)
✔ 文集能力关闭时不能由管理决定旁路开启 (0.283392ms)
✔ 评论奖励遇到成员资格并发更新时以可重试冲突返回 (0.396894ms)
✔ 普通成员不能调用原子管理决定 (0.299462ms)
✔ 成员/举报/文集队列 DTO 为旧记录补 version=1 (1.978644ms)
✔ 文集队列不会把私密手记正文带到管理员 DTO (0.288932ms)
[api] ok { action: 'account/me', requestId: 'local-1', role: 'guest', ms: 1 }
[api] ok { action: 'clubs/mine', requestId: 'local-2', role: 'guest', ms: 0 }
[api] ok { action: 'clubs/list', requestId: 'local-3', role: 'guest', ms: 1 }
[api] ok {
  action: 'session/me',
  requestId: 'local-4',
  role: 'moderator',
  ms: 1
}
[api] ok { action: 'clubs/detail', requestId: 'local-5', role: 'guest', ms: 0 }
[api] ok {
  action: 'posts/list',
  requestId: 'local-1',
  role: 'moderator',
  ms: 3
}
[api] not_accessible {
  action: 'posts/detail',
  requestId: 'local-2',
  role: 'moderator',
  detail: { postId: 'post-beta', role: 'moderator' }
}
[api] not_accessible {
  action: 'topics/detail',
  requestId: 'local-3',
  role: 'moderator',
  detail: { topicId: 'topic-beta' }
}
[api] not_accessible {
  action: 'boards/detail',
  requestId: 'local-4',
  role: 'moderator',
  detail: { boardId: 'board-beta' }
}
[api] not_accessible {
  action: 'collections/detail',
  requestId: 'local-5',
  role: 'moderator',
  detail: { collectionId: 'collection-beta' }
}
[api] not_accessible {
  action: 'assets/status',
  requestId: 'local-6',
  role: 'moderator',
  detail: { assetId: 'asset-beta' }
}
[api] not_accessible {
  action: 'profile/get',
  requestId: 'local-7',
  role: 'moderator',
  detail: { targetUserId: 'user-b' }
}
[api] not_accessible {
  action: 'posts/delete',
  requestId: 'local-8',
  role: 'moderator',
  detail: { postId: 'post-beta' }
}
[api] not_accessible {
  action: 'posts/reaction',
  requestId: 'local-9',
  role: 'moderator',
  detail: { postId: 'post-beta' }
}
[api] not_accessible {
  action: 'posts/bookmark',
  requestId: 'local-10',
  role: 'moderator',
  detail: { postId: 'post-beta' }
}
[api] not_accessible {
  action: 'posts/comments/create',
  requestId: 'local-11',
  role: 'moderator',
  detail: { postId: 'post-beta' }
}
[api] ok {
  action: 'me/contents',
  requestId: 'local-12',
  role: 'moderator',
  ms: 3
}
[api] ok {
  action: 'me/profile',
  requestId: 'local-13',
  role: 'moderator',
  ms: 0
}
[api] ok {
  action: 'notifications/list',
  requestId: 'local-14',
  role: 'moderator',
  ms: 1
}
[api] ok {
  action: 'notifications/read-all',
  requestId: 'local-15',
  role: 'moderator',
  ms: 0
}
[api] ok {
  action: 'admin/queue',
  requestId: 'local-16',
  role: 'moderator',
  ms: 0
}
[api] ok { action: 'clubs/mine', requestId: 'local-1', role: 'guest', ms: 0 }
[api] ok { action: 'clubs/mine', requestId: 'local-1', role: 'guest', ms: 0 }
[api] ok { action: 'posts/list', requestId: 'local-2', role: 'guest', ms: 0 }
[api] ok { action: 'me/contents', requestId: 'local-3', role: 'guest', ms: 0 }
[api] ok { action: 'posts/detail', requestId: 'local-4', role: 'guest', ms: 0 }
[api] ok {
  action: 'posts/comments/list',
  requestId: 'local-5',
  role: 'guest',
  ms: 1
}
[api] membership_invalid {
  action: 'me/contents',
  requestId: 'local-6',
  role: 'guest',
  detail: null
}
[api] ok {
  action: 'posts/visibility',
  requestId: 'local-7',
  role: 'guest',
  ms: 0
}
[api] ok { action: 'posts/delete', requestId: 'local-8', role: 'guest', ms: 0 }
[api] context error { action: 'session/me', requestId: 'local-1', code: 'context_error' }
[api] context error { action: 'session/me', requestId: 'local-2', code: 'context_error' }
✔ 账号目录、目标社团会话与目录可见性按合同返回 (30.462397ms)
✔ selected club blocks cross-club IDs, lists, writes, media and personal aggregates (24.563545ms)
✔ removed members get only their own club history, without feeds, bookmarks, or other comments (11.66259ms)
✔ unknown and paused explicit target clubs fail closed without default fallback (4.644998ms)
✔ cursor pagination retains an existing visibility OR and timestamp tie-breaker (3.945806ms)
✔ file IDs are private-bucket scoped and reject URLs/traversal (2.433298ms)
✔ getUploadMetadata is local and returns a persistable PG file ID (1.08668ms)
✔ upload uses PG bucket JPEG upsert and returns canonical fileID (0.599655ms)
✔ Blob input is normalized to binary Buffer so SDK uses its content-type header branch (0.435287ms)
✔ signed URLs use five-minute TTL and preserve per-file errors (0.76701ms)
✔ download converts SDK Blob to Buffer and never fetches arbitrary URLs (0.702509ms)
✔ delete calls PG remove per item and retains failures in legacy response shape (0.459573ms)
✔ server initialization requires server-only environment configuration (0.356789ms)
✔ 访客不能读社内内容 (1.753682ms)
✔ 访客可以读已发布的公开内容 (0.188664ms)
✔ 成员可以读社内内容 (0.137358ms)
✔ viewer role never crosses club boundaries for direct objects (0.372399ms)
✔ 被移除的成员立即失去社内读权 (0.165061ms)
✔ 被移除的成员仍可访问自己的历史内容 (0.177462ms)
✔ 被移除成员的历史正文仍可读，但任何附件都不能继续读取 (0.285395ms)
✔ 他人不能读仅自己的内容 (0.133541ms)
✔ 管理员也不能读他人的仅自己内容 (0.232116ms)
✔ 本人可以读自己的仅自己内容 (0.312436ms)
✔ 仅自己内容永不进入任何聚合入口，本人也不例外 (0.242725ms)
✔ 待审内容不进聚合入口 (0.188954ms)
✔ 待审内容仅本人可预览 (0.110037ms)
✔ 已删除内容任何人都不可读 (0.089448ms)
✔ 已隐藏内容仅管理员在治理流程中可读 (0.095158ms)
✔ 访客不能互动 (0.141275ms)
✔ 关闭回应后不能评论 (0.13289ms)
✔ 仅自己内容不能互动 (0.08503ms)
✔ 可见范围只能缩小，不能扩大 (0.125245ms)
✔ 管理员不能代作者改可见范围 (0.07448ms)
✔ 只有作者能删除内容 (0.078287ms)
✔ 只有评论者能删除自己的回应 (0.207359ms)
✔ 只有有效且未禁言的作者能重提被退回内容 (0.21363ms)
✔ 不能举报自己的内容 (0.131026ms)
✔ 公开范围受能力开关控制，关闭时不可用 (0.112691ms)
✔ 视频能力关闭时不可上传视频 (0.103845ms)
✔ 发布与上传熔断能力缺失时 fail-closed (0.119845ms)
✔ 禁言期间不能发帖和评论，过期后恢复 (0.505199ms)
✔ 成员管理只允许 moderator 且不能操作自己 (0.123803ms)
✔ 申诉只允许作者对 hidden/rejected 内容发起 (0.146355ms)
✔ 待审话题只有提交者与管理员可见 (0.162285ms)
✔ 归档话题可读但不可投稿 (0.177063ms)
✔ 访客看不到社内话题 (0.100629ms)
✔ active 板块仅有效成员可读，pending/rejected 仅创建者与管理员可读 (0.16506ms)
✔ 板块投稿要求 active 板块与服务端发布能力 (0.235101ms)
✔ 公开文集不能收录社内原帖 (0.160131ms)
✔ 仅自己内容不能被收录 (0.09594ms)
✔ 普通成员不能访问管理队列 (0.121488ms)
✔ 匿名映射需要 moderator + 充分理由 (0.128751ms)
✔ 未知 visibility 一律拒绝（fail-closed） (0.089377ms)
✔ 匿名内容的 DTO 中 author.userId 必须为 null (1.091238ms)
✔ 泄露检测能抓出 ownerId 漏出 (0.405451ms)
✔ 泄露检测能抓出匿名作者带 userId 的情况 (0.195217ms)
✔ 未通过审核的视频不返回可播放 url (0.163737ms)
✔ 未通过审核的图片不出现在 images 中 (1.066932ms)
✔ 他人看不到本人的待审状态文案 (0.343675ms)
✔ viewer 标记由服务端计算，作者与他人不同 (0.287149ms)
✔ hidden private notes remain inaccessible to admins (0.14923ms)
✔ rate-limit database guard accepts only loopback or CI postgres with the reset gate (2.321708ms)
﹣ concurrent rate checks at count 4 and max 5 allow exactly one request (0.137949ms) # SKIP
﹣ concurrent first checks create the missing rate object and stop at max (0.114224ms) # SKIP
✔ wrong owner cannot resubmit or reach PG RPC (1.656479ms)
✔ resubmit passes trusted actor/version, and replay can reach PG idempotency after status advances (1.069267ms)
✔ 安全检查通过后，post review 只调用 hg_finish_review 并传 lease/CAS (3.722317ms)
✔ 文章通过自动安全检查后等待管理员，普通碎片仍由自动检查通过后发布 (0.501421ms)
✔ 评论安全检查通过后走同一原子 RPC，使用评论版本 (0.355317ms)
✔ 安全检查明确拒绝时原子标记 failed，服务异常/存疑不绕过 RPC (0.361548ms)
✔ 未验证附件只等待，绑定或归属异常不会发布 (0.626536ms)
✔ 审核配额触顶时不调用外部接口，任务延期到下一 UTC 日且不走失败决定 (0.583966ms)
✔ long text checks tail beyond 2500 and preserves boundary overlap (6.071215ms)
✔ text service outage cannot pass or be reported as ordinary clean content (1.603019ms)
OK: backend router resolves fresh invocation identity and rejects stale/mismatched envelopes
✔ tests/router-fresh-context.test.mjs (41.915032ms)
✔ NAS worker calls the idempotent term reminder RPC once per day and retries database failures (2.113737ms)
✔ usage status rejects non-moderators before reading aggregate quota data (1.404526ms)
✔ usage status derives the club from the authenticated moderator context (0.90536ms)
✔ 等级读取只使用服务端会话身份，不接收 payload 身份 (2.772855ms)
✔ 签到只提交服务端会话身份并返回快照与实际奖励 (0.311024ms)
✔ 访客与非成员不能读取等级或签到 (0.94271ms)
✔ 成员资格在 RPC 执行期间失效时返回统一成员错误 (0.477537ms)
✔ 碎片正文超限被拒 (1.70984ms)
✔ 文章必须有标题 (0.205065ms)
✔ 空内容且无附件被拒 (0.224482ms)
✔ 纯图片内容允许 (0.327835ms)
✔ 仅自己内容不能关联话题 (0.709452ms)
✔ 仅自己内容不能关联板块，公开内容可同时带板块和话题 (0.220404ms)
✔ 仅自己内容强制关闭回应 (0.184987ms)
✔ 附件数量超限被拒 (0.262513ms)
✔ 非法 visibility 被拒 (0.315973ms)
✔ 视频时长超限被拒 (0.36784ms)
✔ 视频体积超限被拒 (1.10837ms)
✔ 图片体积超限被拒 (0.182412ms)
✔ 评论超限被拒 (0.192392ms)
✔ 游标可往返编解码 (0.603573ms)
✔ 伪造游标被拒 (0.267242ms)
✔ PostgreSQL ISO creation times round-trip through a pagination cursor (2.20578ms)
✔ out-of-range cursor dates and empty identifiers are rejected (0.290596ms)
✔ 分页大小被夹紧到合法区间 (0.132338ms)
✔ 昵称超限被拒 (0.178585ms)
✔ 搜索词正则元字符被转义 (0.188774ms)
✔ 话题名称超限被拒 (0.161463ms)
✔ 板块名称与说明服务端限制长度并裁剪首尾空白 (0.223459ms)
✔ password hashes have unique salts and reject wrong or malformed passwords (358.110659ms)
✔ username normalization prevents casing ambiguity and prototype-shaped accounts (0.663415ms)
✔ production cookies are host scoped and browser identity is never stored in localStorage (0.355286ms)
✔ CSRF tokens depend on cookie secret and origin must match configured origin (0.765618ms)
✔ interaction flags permit resonance on comments-disabled posts and deny private or guest interactions (1.258231ms)
✔ manual text review and website identities never call WeChat or auto-approve text (10.521343ms)
✔ untrusted post text and media URLs cannot execute code (1.172661ms)
✔ navigation scope rejects old requests even when switching away and back to same club (0.27182ms)
✔ idempotency keys are stable for unchanged form retries and distinct for edited payloads (4.30461ms)
✔ browser API keeps cookie credentials and CSRF in memory and propagates server errors (1.942015ms)
✔ publish navigation sends restricted members to membership status and guests to login (3.14342ms)
✔ authentication continuations accept only known internal routes and preserve task query (5.596023ms)
✔ guests joining a club see authentication choices instead of a form they cannot submit (0.641935ms)
✔ reading privacy preserves the registration form and authentication continuation (0.662273ms)
✔ post opened from bookmarks returns to bookmarks, while invalid return paths fall back to home (0.592342ms)
✔ notification post links preserve the originating notification tab (0.556985ms)
✔ browser actions enforce origin and CSRF and resolve identity only from server session (51.077831ms)
✔ guest cannot mutate and login never returns session secret in JSON (14.623838ms)
✔ static site files have CSP and do not expose server or hidden files (18.58335ms)
✔ comment pagination merges new replies under repeated parents without duplicating prior replies (1.799478ms)
✔ reply UI targets root comments and never offers an unsupported second reply level (0.92206ms)
✔ real recovery_requested DTO offers target accept and decline even before joining a club (0.403086ms)
✔ client source trusts only configured proxy IPs and the nearest forwarded peer (3.68168ms)
✔ all published article pages remain available for collection selection (0.354265ms)
✔ 租约过期可恢复，等待依赖不增加 attempts，执行失败才退避 (2.763657ms)
✔ 回调来源不信 MsgType，必须有 wx context 来源和 secret (0.390152ms)
✔ worker 不把伪造 Timer event 当作可信来源 (0.396605ms)
✔ WeChat IDE timers require fresh trusted source, app binding and no client identity (0.303008ms)
✔ 回调 trace/version 绑定拒绝旧版本 (0.996681ms)
✔ 云存储删除失败保留资产记录并写 retryable 状态 (1.239186ms)
✔ 孤儿附件只有文件删除成功后才通过 cleanup RPC 移除并沿用 claim token (0.458781ms)
✔ worker cleanup 分支在文件确认删除后才把 revoked 标成 purged (0.610396ms)
ℹ tests 234
ℹ suites 0
ℹ pass 232
ℹ fail 0
ℹ cancelled 0
ℹ skipped 2
ℹ todo 0
ℹ duration_ms 9718.9878
